src/services/audit.service.ts(35,9): error TS2322: Type 'string | null' is not assignable to type 'string | number | boolean | DbNull | JsonNull | InputJsonObject | InputJsonArray | { toJSON(): unknown; } | {} | {} | { readonly [x: string]: Exact<InputJsonValue | null | undefined, InputJsonValue | ... 1 more ... | undefined>; } | { ...; } | { ...; } | undefined'.
  Type 'null' is not assignable to type 'string | number | boolean | DbNull | JsonNull | InputJsonObject | InputJsonArray | { toJSON(): unknown; } | {} | {} | { readonly [x: string]: Exact<InputJsonValue | null | undefined, InputJsonValue | ... 1 more ... | undefined>; } | { ...; } | { ...; } | undefined'.
src/services/audit.service.ts(36,9): error TS2322: Type 'string | null' is not assignable to type 'string | number | boolean | DbNull | JsonNull | InputJsonObject | InputJsonArray | { toJSON(): unknown; } | {} | {} | { readonly [x: string]: Exact<InputJsonValue | null | undefined, InputJsonValue | ... 1 more ... | undefined>; } | { ...; } | { ...; } | undefined'.
  Type 'null' is not assignable to type 'string | number | boolean | DbNull | JsonNull | InputJsonObject | InputJsonArray | { toJSON(): unknown; } | {} | {} | { readonly [x: string]: Exact<InputJsonValue | null | undefined, InputJsonValue | ... 1 more ... | undefined>; } | { ...; } | { ...; } | undefined'.
src/services/categorias.service.ts(57,34): error TS2349: This expression is not callable.
  Each member of the union type '(<T extends CategoriasCreateArgs>(args: SelectSubset<T, CategoriasCreateArgs<DefaultArgs>>) => Prisma__CategoriasClient<GetFindResult<$CategoriasPayload<DefaultArgs>, T, PrismaClientOptions>, never, DefaultArgs, PrismaClientOptions>) | (<A extends CategoriasCreateArgs<...>>(args: Exact<...>) => DynamicModelExtension...' has signatures, but none of those signatures are compatible with each other.
src/services/proveedores.service.ts(36,35): error TS2349: This expression is not callable.
  Each member of the union type '(<T extends ProveedoresCreateArgs>(args: SelectSubset<T, ProveedoresCreateArgs<DefaultArgs>>) => Prisma__ProveedoresClient<GetFindResult<$ProveedoresPayload<DefaultArgs>, T, PrismaClientOptions>, never, DefaultArgs, PrismaClientOptions>) | (<A extends ProveedoresCreateArgs<...>>(args: Exact<...>) => DynamicModelExte...' has signatures, but none of those signatures are compatible with each other.
src/services/tenants.service.ts(59,12): error TS2321: Excessive stack depth comparing types 'TenantsUpdateArgs<InternalArgs & { result: {}; model: { $allModels: { findUnique: () => <T, A>(this: T, args: Exact<A, Args<T, "findUnique">>) => Promise<any>; }; ... 25 more ...; pagos: { ...; }; }; query: {}; client: {}; }>' and 'TenantsUpdateArgs<DefaultArgs>'.
src/services/tenants.service.ts(59,33): error TS2349: This expression is not callable.
  Each member of the union type '(<T extends TenantsUpdateArgs>(args: SelectSubset<T, TenantsUpdateArgs<DefaultArgs>>) => Prisma__TenantsClient<GetFindResult<$TenantsPayload<DefaultArgs>, T, PrismaClientOptions>, never, DefaultArgs, PrismaClientOptions>) | (<A extends TenantsUpdateArgs<...>>(args: Exact<...>) => DynamicModelExtensionFluentApi<...> ...' has signatures, but none of those signatures are compatible with each other.
src/services/usuarios.service.ts(63,26): error TS2349: This expression is not callable.
  Each member of the union type '(<T extends UsuariosCreateArgs>(args: SelectSubset<T, UsuariosCreateArgs<DefaultArgs>>) => Prisma__UsuariosClient<GetFindResult<$UsuariosPayload<DefaultArgs>, T, PrismaClientOptions>, never, DefaultArgs, PrismaClientOptions>) | (<A extends UsuariosCreateArgs<...>>(args: Exact<...>) => DynamicModelExtensionFluentApi<...' has signatures, but none of those signatures are compatible with each other.
